p03-famartin-dundy-a box0 gsd12.0 ps=1.0: m=800 inl=7 ncc=-0.2134
p03-famartin-dundy-a box0 gsd12.0 ps=0.5: m=800 inl=9 ncc=-0.0531
p03-famartin-dundy-a box0 gsd12.0 ps=0.25: m=800 inl=8 ncc=-0.0305
p03-famartin-dundy-a box1 gsd12.0 ps=1.0: m=800 inl=8 ncc=-0.0619
p03-famartin-dundy-a box1 gsd12.0 ps=0.5: m=800 inl=8 ncc=0.068
p03-famartin-dundy-a box1 gsd12.0 ps=0.25: m=800 inl=9 ncc=0.0256
p03-famartin-dundy-a box2 gsd12.0 ps=1.0: m=800 inl=7 ncc=-0.016
p03-famartin-dundy-a box2 gsd12.0 ps=0.5: m=800 inl=7 ncc=-0.0103
p03-famartin-dundy-a box2 gsd12.0 ps=0.25: m=800 inl=6 ncc=0.0924
p03-famartin-dundy-a box3 gsd12.0 ps=1.0: m=800 inl=7 ncc=0.0
p03-famartin-dundy-a box3 gsd12.0 ps=0.5: m=800 inl=7 ncc=0.0041
p03-famartin-dundy-a box3 gsd12.0 ps=0.25: m=800 inl=3 ncc=0.1363
p03-famartin-dundy-a box0 gsd8.0 ps=1.0: m=800 inl=8 ncc=0.0224
p03-famartin-dundy-a box0 gsd8.0 ps=0.5: m=800 inl=7 ncc=0.0086
p03-famartin-dundy-a box0 gsd8.0 ps=0.25: m=800 inl=5 ncc=0.1456
p03-famartin-dundy-a box1 gsd8.0 ps=1.0: m=800 inl=5 ncc=0.0
p03-famartin-dundy-a box1 gsd8.0 ps=0.5: m=800 inl=8 ncc=0.002
p03-famartin-dundy-a box1 gsd8.0 ps=0.25: m=800 inl=2 ncc=-0.0346
p03-famartin-dundy-a box2 gsd8.0 ps=1.0: m=800 inl=7 ncc=0.005
p03-famartin-dundy-a box2 gsd8.0 ps=0.5: m=800 inl=7 ncc=-0.0081
p03-famartin-dundy-a box2 gsd8.0 ps=0.25: m=800 inl=8 ncc=-0.0149
p03-famartin-dundy-a box3 gsd8.0 ps=1.0: m=800 inl=7 ncc=0.0138
p03-famartin-dundy-a box3 gsd8.0 ps=0.5: m=800 inl=7 ncc=0.0
p03-famartin-dundy-a box3 gsd8.0 ps=0.25: m=800 inl=7 ncc=0.0571
p03-famartin-dundy-a box0 gsd4.0 ps=1.0: m=800 inl=7 ncc=0.0304
p03-famartin-dundy-a box0 gsd4.0 ps=0.5: m=800 inl=7 ncc=0.0052
p03-famartin-dundy-a box0 gsd4.0 ps=0.25: m=800 inl=8 ncc=0.0013
p03-famartin-dundy-a box1 gsd4.0 ps=1.0: m=800 inl=8 ncc=0.0033
p03-famartin-dundy-a box1 gsd4.0 ps=0.5: m=800 inl=4 ncc=-0.012
p03-famartin-dundy-a box1 gsd4.0 ps=0.25: m=800 inl=7 ncc=-0.0319
p03-famartin-dundy-a box2 gsd4.0 ps=1.0: m=800 inl=6 ncc=0.0154
p03-famartin-dundy-a box2 gsd4.0 ps=0.5: m=800 inl=7 ncc=0.0038
p03-famartin-dundy-a box2 gsd4.0 ps=0.25: m=800 inl=9 ncc=-0.0244
p03-famartin-dundy-a box3 gsd4.0 ps=1.0: m=800 inl=6 ncc=0.0196
p03-famartin-dundy-a box3 gsd4.0 ps=0.5: m=800 inl=7 ncc=0.0
p03-famartin-dundy-a box3 gsd4.0 ps=0.25: m=800 inl=8 ncc=0.0
p03-famartin-dundy-a box0 gsd2.5 ps=1.0: m=800 inl=1 ncc=0.1021
p03-famartin-dundy-a box0 gsd2.5 ps=0.5: m=800 inl=7 ncc=0.0052
p03-famartin-dundy-a box0 gsd2.5 ps=0.25: m=800 inl=8 ncc=-0.0144
p03-famartin-dundy-a box1 gsd2.5 ps=1.0: m=800 inl=7 ncc=0.0242
p03-famartin-dundy-a box1 gsd2.5 ps=0.5: m=800 inl=6 ncc=0.0
p03-famartin-dundy-a box1 gsd2.5 ps=0.25: m=800 inl=7 ncc=-0.0536
p03-famartin-dundy-a box2 gsd2.5 ps=1.0: m=800 inl=7 ncc=0.0
p03-famartin-dundy-a box2 gsd2.5 ps=0.5: m=800 inl=8 ncc=-0.0152
p03-famartin-dundy-a box2 gsd2.5 ps=0.25: m=800 inl=7 ncc=0.0083
p03-famartin-dundy-a box3 gsd2.5 ps=1.0: m=800 inl=6 ncc=0.0722
p03-famartin-dundy-a box3 gsd2.5 ps=0.5: m=800 inl=7 ncc=0.0002
p03-famartin-dundy-a box3 gsd2.5 ps=0.25: m=800 inl=9 ncc=-0.1701
== p03-famartin-dundy-a: UN-LOCALIZED
p04-famartin-dundy-b box0 gsd12.0 ps=1.0: m=800 inl=7 ncc=0.0527
p04-famartin-dundy-b box0 gsd12.0 ps=0.5: m=800 inl=7 ncc=-0.0552
p04-famartin-dundy-b box0 gsd12.0 ps=0.25: m=800 inl=8 ncc=0.0631
p04-famartin-dundy-b box1 gsd12.0 ps=1.0: m=800 inl=6 ncc=0.0516
p04-famartin-dundy-b box1 gsd12.0 ps=0.5: m=800 inl=7 ncc=-0.0406
p04-famartin-dundy-b box1 gsd12.0 ps=0.25: m=800 inl=7 ncc=-0.0411
p04-famartin-dundy-b box2 gsd12.0 ps=1.0: m=800 inl=7 ncc=0.0439
p04-famartin-dundy-b box2 gsd12.0 ps=0.5: m=800 inl=7 ncc=0.0126
p04-famartin-dundy-b box2 gsd12.0 ps=0.25: m=800 inl=7 ncc=-0.0326
p04-famartin-dundy-b box3 gsd12.0 ps=1.0: m=800 inl=7 ncc=-0.0695
p04-famartin-dundy-b box3 gsd12.0 ps=0.5: m=800 inl=8 ncc=0.0427
p04-famartin-dundy-b box3 gsd12.0 ps=0.25: m=800 inl=8 ncc=-0.017
p04-famartin-dundy-b box0 gsd8.0 ps=1.0: m=800 inl=7 ncc=0.0307
p04-famartin-dundy-b box0 gsd8.0 ps=0.5: m=800 inl=8 ncc=0.0017
p04-famartin-dundy-b box0 gsd8.0 ps=0.25: m=800 inl=8 ncc=0.0097
p04-famartin-dundy-b box1 gsd8.0 ps=1.0: m=800 inl=7 ncc=-0.0275
p04-famartin-dundy-b box1 gsd8.0 ps=0.5: m=800 inl=1 ncc=0.0652
p04-famartin-dundy-b box1 gsd8.0 ps=0.25: m=800 inl=7 ncc=0.012
p04-famartin-dundy-b box2 gsd8.0 ps=1.0: m=800 inl=6 ncc=-0.012
p04-famartin-dundy-b box2 gsd8.0 ps=0.5: m=800 inl=7 ncc=0.018
p04-famartin-dundy-b box2 gsd8.0 ps=0.25: m=800 inl=7 ncc=-0.0106
p04-famartin-dundy-b box3 gsd8.0 ps=1.0: m=800 inl=8 ncc=-0.0042
p04-famartin-dundy-b box3 gsd8.0 ps=0.5: m=800 inl=7 ncc=0.0097
p04-famartin-dundy-b box3 gsd8.0 ps=0.25: m=800 inl=7 ncc=-0.0209
p04-famartin-dundy-b box0 gsd4.0 ps=1.0: m=800 inl=7 ncc=-0.0024
p04-famartin-dundy-b box0 gsd4.0 ps=0.5: m=800 inl=7 ncc=0.0
p04-famartin-dundy-b box0 gsd4.0 ps=0.25: m=800 inl=9 ncc=0.1213
p04-famartin-dundy-b box1 gsd4.0 ps=1.0: m=800 inl=7 ncc=-0.0537
p04-famartin-dundy-b box1 gsd4.0 ps=0.5: m=800 inl=7 ncc=-0.0428
p04-famartin-dundy-b box1 gsd4.0 ps=0.25: m=800 inl=8 ncc=-0.1076
p04-famartin-dundy-b box2 gsd4.0 ps=1.0: m=800 inl=7 ncc=-0.0403
p04-famartin-dundy-b box2 gsd4.0 ps=0.5: m=800 inl=7 ncc=-0.0359
p04-famartin-dundy-b box2 gsd4.0 ps=0.25: m=800 inl=8 ncc=0.0179
p04-famartin-dundy-b box3 gsd4.0 ps=1.0: m=800 inl=7 ncc=-0.0214
p04-famartin-dundy-b box3 gsd4.0 ps=0.5: m=800 inl=7 ncc=0.0926
p04-famartin-dundy-b box3 gsd4.0 ps=0.25: m=800 inl=4 ncc=0.0
p04-famartin-dundy-b box0 gsd2.5 ps=1.0: m=800 inl=8 ncc=-0.0346
p04-famartin-dundy-b box0 gsd2.5 ps=0.5: m=800 inl=7 ncc=0.0966
p04-famartin-dundy-b box0 gsd2.5 ps=0.25: m=800 inl=5 ncc=0.0041
p04-famartin-dundy-b box1 gsd2.5 ps=1.0: m=800 inl=7 ncc=-0.0724
p04-famartin-dundy-b box1 gsd2.5 ps=0.5: m=800 inl=7 ncc=-0.0147
p04-famartin-dundy-b box1 gsd2.5 ps=0.25: m=800 inl=8 ncc=-0.0109
p04-famartin-dundy-b box2 gsd2.5 ps=1.0: m=800 inl=7 ncc=0.0115
p04-famartin-dundy-b box2 gsd2.5 ps=0.5: m=800 inl=7 ncc=-0.0435
p04-famartin-dundy-b box2 gsd2.5 ps=0.25: m=800 inl=8 ncc=0.0636
p04-famartin-dundy-b box3 gsd2.5 ps=1.0: m=800 inl=7 ncc=-0.0082
p04-famartin-dundy-b box3 gsd2.5 ps=0.5: m=800 inl=7 ncc=0.0008
p04-famartin-dundy-b box3 gsd2.5 ps=0.25: m=800 inl=8 ncc=-0.0055
== p04-famartin-dundy-b: UN-LOCALIZED
p05-famartin-hitchcock box0 gsd12.0 ps=1.0: m=800 inl=7 ncc=-0.003
p05-famartin-hitchcock box0 gsd12.0 ps=0.5: m=800 inl=8 ncc=0.2805
p05-famartin-hitchcock box0 gsd12.0 ps=0.25: m=800 inl=0 ncc=-0.0328
p05-famartin-hitchcock box1 gsd12.0 ps=1.0: m=800 inl=7 ncc=0.0301
p05-famartin-hitchcock box1 gsd12.0 ps=0.5: m=800 inl=8 ncc=-0.0216
p05-famartin-hitchcock box1 gsd12.0 ps=0.25: m=800 inl=5 ncc=-0.0222
p05-famartin-hitchcock box2 gsd12.0 ps=1.0: m=800 inl=7 ncc=0.0204
p05-famartin-hitchcock box2 gsd12.0 ps=0.5: m=800 inl=7 ncc=-0.0411
p05-famartin-hitchcock box2 gsd12.0 ps=0.25: m=800 inl=7 ncc=0.0145
p05-famartin-hitchcock box3 gsd12.0 ps=1.0: m=800 inl=7 ncc=0.0
p05-famartin-hitchcock box3 gsd12.0 ps=0.5: m=800 inl=7 ncc=0.0219
p05-famartin-hitchcock box3 gsd12.0 ps=0.25: m=800 inl=7 ncc=0.0007
p05-famartin-hitchcock box0 gsd8.0 ps=1.0: m=800 inl=7 ncc=0.0096
p05-famartin-hitchcock box0 gsd8.0 ps=0.5: m=800 inl=7 ncc=-0.0508
p05-famartin-hitchcock box0 gsd8.0 ps=0.25: m=800 inl=4 ncc=-0.0035
p05-famartin-hitchcock box1 gsd8.0 ps=1.0: m=800 inl=8 ncc=0.0
p05-famartin-hitchcock box1 gsd8.0 ps=0.5: m=800 inl=3 ncc=0.0235
p05-famartin-hitchcock box1 gsd8.0 ps=0.25: m=800 inl=8 ncc=0.0363
p05-famartin-hitchcock box2 gsd8.0 ps=1.0: m=800 inl=6 ncc=0.0115
p05-famartin-hitchcock box2 gsd8.0 ps=0.5: m=800 inl=8 ncc=0.004
p05-famartin-hitchcock box2 gsd8.0 ps=0.25: m=800 inl=7 ncc=-0.0107
p05-famartin-hitchcock box3 gsd8.0 ps=1.0: m=800 inl=7 ncc=-0.0014
p05-famartin-hitchcock box3 gsd8.0 ps=0.5: m=800 inl=7 ncc=-0.01
p05-famartin-hitchcock box3 gsd8.0 ps=0.25: m=800 inl=7 ncc=-0.0106
p05-famartin-hitchcock box0 gsd4.0 ps=1.0: m=800 inl=7 ncc=0.0214
p05-famartin-hitchcock box0 gsd4.0 ps=0.5: m=800 inl=6 ncc=-0.0097
p05-famartin-hitchcock box0 gsd4.0 ps=0.25: m=800 inl=7 ncc=-0.0294
p05-famartin-hitchcock box1 gsd4.0 ps=1.0: m=800 inl=7 ncc=-0.0892
p05-famartin-hitchcock box1 gsd4.0 ps=0.5: m=800 inl=8 ncc=-0.0376
p05-famartin-hitchcock box1 gsd4.0 ps=0.25: m=800 inl=4 ncc=0.1879
p05-famartin-hitchcock box2 gsd4.0 ps=1.0: m=800 inl=7 ncc=0.023
p05-famartin-hitchcock box2 gsd4.0 ps=0.5: m=800 inl=7 ncc=0.0243
p05-famartin-hitchcock box2 gsd4.0 ps=0.25: m=800 inl=8 ncc=-0.1439
p05-famartin-hitchcock box3 gsd4.0 ps=1.0: m=800 inl=7 ncc=-0.0154
p05-famartin-hitchcock box3 gsd4.0 ps=0.5: m=800 inl=8 ncc=0.0804
p05-famartin-hitchcock box3 gsd4.0 ps=0.25: m=800 inl=7 ncc=-0.0309
p05-famartin-hitchcock box0 gsd2.5 ps=1.0: m=800 inl=7 ncc=0.0578
p05-famartin-hitchcock box0 gsd2.5 ps=0.5: m=800 inl=7 ncc=0.0
p05-famartin-hitchcock box0 gsd2.5 ps=0.25: m=800 inl=7 ncc=-0.0597
p05-famartin-hitchcock box1 gsd2.5 ps=1.0: m=800 inl=8 ncc=0.0404
p05-famartin-hitchcock box1 gsd2.5 ps=0.5: m=800 inl=7 ncc=0.0667
p05-famartin-hitchcock box1 gsd2.5 ps=0.25: m=800 inl=7 ncc=0.006
p05-famartin-hitchcock box2 gsd2.5 ps=1.0: m=800 inl=6 ncc=-0.0283
p05-famartin-hitchcock box2 gsd2.5 ps=0.5: m=800 inl=8 ncc=-0.0222
p05-famartin-hitchcock box2 gsd2.5 ps=0.25: m=800 inl=7 ncc=0.0
p05-famartin-hitchcock box3 gsd2.5 ps=1.0: m=800 inl=6 ncc=0.0005
p05-famartin-hitchcock box3 gsd2.5 ps=0.5: m=800 inl=8 ncc=0.0
p05-famartin-hitchcock box3 gsd2.5 ps=0.25: m=800 inl=7 ncc=-0.0026
== p05-famartin-hitchcock: UN-LOCALIZED
p06-kgs-finney box0 gsd12.0 ps=1.0: m=800 inl=10 ncc=-0.0984
p06-kgs-finney box0 gsd12.0 ps=0.5: m=800 inl=8 ncc=0.1714
p06-kgs-finney box0 gsd12.0 ps=0.25: m=227 inl=11 ncc=-0.0831
p06-kgs-finney box1 gsd12.0 ps=1.0: m=800 inl=9 ncc=0.0034
p06-kgs-finney box1 gsd12.0 ps=0.5: m=783 inl=8 ncc=0.0032
p06-kgs-finney box1 gsd12.0 ps=0.25: m=224 inl=11 ncc=0.0348
p06-kgs-finney box2 gsd12.0 ps=1.0: m=800 inl=8 ncc=-0.0143
p06-kgs-finney box2 gsd12.0 ps=0.5: m=782 inl=9 ncc=-0.0151
p06-kgs-finney box2 gsd12.0 ps=0.25: m=233 inl=11 ncc=0.0161
p06-kgs-finney box0 gsd8.0 ps=1.0: m=800 inl=8 ncc=-0.1115
p06-kgs-finney box0 gsd8.0 ps=0.5: m=800 inl=12 ncc=-0.0083
p06-kgs-finney box0 gsd8.0 ps=0.25: m=233 inl=11 ncc=-0.1117
p06-kgs-finney box1 gsd8.0 ps=1.0: m=800 inl=9 ncc=-0.0088
p06-kgs-finney box1 gsd8.0 ps=0.5: m=799 inl=11 ncc=0.0063
p06-kgs-finney box1 gsd8.0 ps=0.25: m=227 inl=11 ncc=0.132
p06-kgs-finney box2 gsd8.0 ps=1.0: m=800 inl=9 ncc=-0.0984
p06-kgs-finney box2 gsd8.0 ps=0.5: m=794 inl=11 ncc=-0.0108
p06-kgs-finney box2 gsd8.0 ps=0.25: m=216 inl=11 ncc=0.0078
p06-kgs-finney box0 gsd4.0 ps=1.0: m=800 inl=9 ncc=-0.032
p06-kgs-finney box0 gsd4.0 ps=0.5: m=789 inl=10 ncc=0.0542
p06-kgs-finney box0 gsd4.0 ps=0.25: m=234 inl=12 ncc=0.0041
p06-kgs-finney box1 gsd4.0 ps=1.0: m=800 inl=8 ncc=0.0
p06-kgs-finney box1 gsd4.0 ps=0.5: m=792 inl=12 ncc=0.0408
p06-kgs-finney box1 gsd4.0 ps=0.25: m=222 inl=10 ncc=0.025
p06-kgs-finney box2 gsd4.0 ps=1.0: m=800 inl=8 ncc=-0.1184
p06-kgs-finney box2 gsd4.0 ps=0.5: m=800 inl=10 ncc=0.0154
p06-kgs-finney box2 gsd4.0 ps=0.25: m=227 inl=12 ncc=-0.074
p06-kgs-finney box0 gsd2.5 ps=1.0: m=800 inl=3 ncc=0.0866
p06-kgs-finney box0 gsd2.5 ps=0.5: m=800 inl=11 ncc=-0.0152
p06-kgs-finney box0 gsd2.5 ps=0.25: m=230 inl=13 ncc=-0.1145
p06-kgs-finney box1 gsd2.5 ps=1.0: m=800 inl=9 ncc=0.1406
p06-kgs-finney box1 gsd2.5 ps=0.5: m=800 inl=13 ncc=0.0179
p06-kgs-finney box1 gsd2.5 ps=0.25: m=230 inl=10 ncc=-0.0444
p06-kgs-finney box2 gsd2.5 ps=1.0: m=800 inl=9 ncc=-0.041
p06-kgs-finney box2 gsd2.5 ps=0.5: m=800 inl=6 ncc=-0.0794
p06-kgs-finney box2 gsd2.5 ps=0.25: m=234 inl=11 ncc=-0.0671
== p06-kgs-finney: UN-LOCALIZED
p07-deverre-winter box0 gsd12.0 ps=1.0: m=800 inl=7 ncc=-0.0235
p07-deverre-winter box0 gsd12.0 ps=0.5: m=800 inl=8 ncc=0.1021
p07-deverre-winter box0 gsd12.0 ps=0.25: m=800 inl=8 ncc=0.0204
p07-deverre-winter box1 gsd12.0 ps=1.0: m=800 inl=6 ncc=0.1063
p07-deverre-winter box1 gsd12.0 ps=0.5: m=800 inl=6 ncc=-0.1363
p07-deverre-winter box1 gsd12.0 ps=0.25: m=800 inl=3 ncc=0.0
p07-deverre-winter box0 gsd8.0 ps=1.0: m=800 inl=10 ncc=-0.1522
p07-deverre-winter box0 gsd8.0 ps=0.5: m=800 inl=8 ncc=-0.0119
p07-deverre-winter box0 gsd8.0 ps=0.25: m=800 inl=10 ncc=-0.0046
p07-deverre-winter box1 gsd8.0 ps=1.0: m=800 inl=7 ncc=0.0
p07-deverre-winter box1 gsd8.0 ps=0.5: m=800 inl=8 ncc=0.0
p07-deverre-winter box1 gsd8.0 ps=0.25: m=800 inl=10 ncc=0.0849
p07-deverre-winter box0 gsd4.0 ps=1.0: m=800 inl=2 ncc=-0.1047
p07-deverre-winter box0 gsd4.0 ps=0.5: m=800 inl=10 ncc=-0.0256
p07-deverre-winter box0 gsd4.0 ps=0.25: m=800 inl=9 ncc=0.0731
p07-deverre-winter box1 gsd4.0 ps=1.0: m=800 inl=7 ncc=0.0021
p07-deverre-winter box1 gsd4.0 ps=0.5: m=800 inl=7 ncc=0.0
p07-deverre-winter box1 gsd4.0 ps=0.25: m=800 inl=6 ncc=-0.0681
p07-deverre-winter box0 gsd2.5 ps=1.0: m=800 inl=9 ncc=0.0319
p07-deverre-winter box0 gsd2.5 ps=0.5: m=800 inl=8 ncc=0.0
p07-deverre-winter box0 gsd2.5 ps=0.25: m=800 inl=8 ncc=-0.0335
p07-deverre-winter box1 gsd2.5 ps=1.0: m=800 inl=7 ncc=0.0143
p07-deverre-winter box1 gsd2.5 ps=0.5: m=800 inl=7 ncc=-0.0082
p07-deverre-winter box1 gsd2.5 ps=0.25: m=800 inl=9 ncc=-0.0081
== p07-deverre-winter: UN-LOCALIZED
stage B done
